// Jest Snapshot v1, https://goo.gl/fbAQLP

exports[`<BankTransactionsScreen /> snapshot test 1`] = `
<View
  style={
    {
      "flex": 1,
      "margin": 4,
      "marginBottom": 54,
    }
  }
>
  <View
    style={
      [
        {
          "backgroundColor": "white",
          "borderColor": "#ddd",
          "borderRadius": 5,
          "borderWidth": 1,
          "overflow": "hidden",
          "paddingBottom": 0,
          "width": "100%",
        },
      ]
    }
  >
    <RCTScrollView
      ListEmptyComponent={
        <View
          style={
            {
              "paddingLeft": 20,
              "paddingRight": 20,
            }
          }
        >
          <Text
            style={
              {
                "color": "black",
              }
            }
          >
            
You have no bank accounts

          </Text>
        </View>
      }
      data={
        [
          {
            "data": [
              {
                "account": "def",
                "amount": "-10.00",
                "amount_currency": "GBP",
                "formatted_amount": {
                  "amount": "-10.00",
                  "currency": "GBP",
                  "string": "-£10.00",
                },
                "id": "abc",
                "info": "t1",
                "time": "2023-03-12T11:42:32Z",
              },
              {
                "account": "def",
                "amount": "-10.00",
                "amount_currency": "GBP",
                "formatted_amount": {
                  "amount": "10.00",
                  "currency": "GBP",
                  "string": "£10.00",
                },
                "id": "def",
                "info": "t2",
                "time": "2023-03-11T11:46:36Z",
              },
            ],
            "title": "March 2023",
          },
        ]
      }
      getItem={[Function]}
      getItemCount={[Function]}
      keyExtractor={[Function]}
      onContentSizeChange={[Function]}
      onLayout={[Function]}
      onMomentumScrollBegin={[Function]}
      onMomentumScrollEnd={[Function]}
      onScroll={[Function]}
      onScrollBeginDrag={[Function]}
      onScrollEndDrag={[Function]}
      renderItem={[Function]}
      scrollEventThrottle={50}
      stickyHeaderIndices={
        [
          0,
        ]
      }
    >
      <View>
        <View
          onFocusCapture={[Function]}
          onLayout={[Function]}
          style={null}
        >
          <Text
            style={
              {
                "backgroundColor": "#f5f5f5",
                "color": "black",
                "fontWeight": "bold",
                "paddingBottom": 6,
                "paddingLeft": 20,
                "paddingRight": 20,
                "paddingTop": 6,
              }
            }
          >
            March 2023
          </Text>
        </View>
        <View
          onFocusCapture={[Function]}
          onLayout={[Function]}
          style={null}
        >
          <View
            style={
              {
                "paddingLeft": 20,
                "paddingRight": 20,
              }
            }
          >
            <View
              style={
                [
                  {
                    "alignItems": "center",
                    "flexDirection": "row",
                    "justifyContent": "space-between",
                    "paddingVertical": 8,
                  },
                  {
                    "borderBottomColor": "lightgray",
                    "borderBottomWidth": 1,
                  },
                ]
              }
            >
              <View
                style={
                  {
                    "flex": 1,
                  }
                }
              >
                <RCTScrollView
                  horizontal={true}
                >
                  <View>
                    <Text
                      style={
                        {
                          "color": "black",
                          "fontSize": 14,
                          "fontWeight": "bold",
                        }
                      }
                    >
                      t1
                    </Text>
                  </View>
                </RCTScrollView>
                <Text
                  style={
                    {
                      "color": "gray",
                      "fontSize": 14,
                    }
                  }
                >
                  12/03/2023
                   at 
                  11:42:32
                </Text>
              </View>
              <View
                style={
                  {
                    "alignItems": "flex-end",
                    "marginLeft": 10,
                  }
                }
              >
                <Text
                  style={
                    [
                      {
                        "fontSize": 16,
                        "fontWeight": "bold",
                      },
                      {
                        "color": "red",
                      },
                    ]
                  }
                >
                  -£10.00
                </Text>
              </View>
            </View>
          </View>
        </View>
        <View
          onFocusCapture={[Function]}
          onLayout={[Function]}
          style={null}
        >
          <View
            style={
              {
                "paddingLeft": 20,
                "paddingRight": 20,
              }
            }
          >
            <View
              style={
                [
                  {
                    "alignItems": "center",
                    "flexDirection": "row",
                    "justifyContent": "space-between",
                    "paddingVertical": 8,
                  },
                  {},
                ]
              }
            >
              <View
                style={
                  {
                    "flex": 1,
                  }
                }
              >
                <RCTScrollView
                  horizontal={true}
                >
                  <View>
                    <Text
                      style={
                        {
                          "color": "black",
                          "fontSize": 14,
                          "fontWeight": "bold",
                        }
                      }
                    >
                      t2
                    </Text>
                  </View>
                </RCTScrollView>
                <Text
                  style={
                    {
                      "color": "gray",
                      "fontSize": 14,
                    }
                  }
                >
                  11/03/2023
                   at 
                  11:46:36
                </Text>
              </View>
              <View
                style={
                  {
                    "alignItems": "flex-end",
                    "marginLeft": 10,
                  }
                }
              >
                <Text
                  style={
                    [
                      {
                        "fontSize": 16,
                        "fontWeight": "bold",
                      },
                      {
                        "color": "red",
                      },
                    ]
                  }
                >
                  £10.00
                </Text>
              </View>
            </View>
          </View>
        </View>
        <View
          onFocusCapture={[Function]}
          onLayout={[Function]}
          style={null}
        />
      </View>
    </RCTScrollView>
  </View>
</View>
`;

exports[`<BankTransactionsScreen /> snapshot test with account id 1`] = `
<View
  style={
    {
      "flex": 1,
      "margin": 4,
      "marginBottom": 54,
    }
  }
>
  <View
    style={
      [
        {
          "backgroundColor": "white",
          "borderColor": "#ddd",
          "borderRadius": 5,
          "borderWidth": 1,
          "overflow": "hidden",
          "paddingBottom": 0,
          "width": "100%",
        },
      ]
    }
  >
    <RCTScrollView
      ListEmptyComponent={
        <View
          style={
            {
              "paddingLeft": 20,
              "paddingRight": 20,
            }
          }
        >
          <Text
            style={
              {
                "color": "black",
              }
            }
          >
            
You have no bank accounts

          </Text>
        </View>
      }
      data={
        [
          {
            "data": [
              {
                "account": "def",
                "amount": "-10.00",
                "amount_currency": "GBP",
                "formatted_amount": {
                  "amount": "-10.00",
                  "currency": "GBP",
                  "string": "-£10.00",
                },
                "id": "abc",
                "info": "t1",
                "time": "2023-03-12T11:42:32Z",
              },
              {
                "account": "def",
                "amount": "-10.00",
                "amount_currency": "GBP",
                "formatted_amount": {
                  "amount": "10.00",
                  "currency": "GBP",
                  "string": "£10.00",
                },
                "id": "def",
                "info": "t2",
                "time": "2023-03-11T11:46:36Z",
              },
            ],
            "title": "March 2023",
          },
        ]
      }
      getItem={[Function]}
      getItemCount={[Function]}
      keyExtractor={[Function]}
      onContentSizeChange={[Function]}
      onLayout={[Function]}
      onMomentumScrollBegin={[Function]}
      onMomentumScrollEnd={[Function]}
      onScroll={[Function]}
      onScrollBeginDrag={[Function]}
      onScrollEndDrag={[Function]}
      renderItem={[Function]}
      scrollEventThrottle={50}
      stickyHeaderIndices={
        [
          0,
        ]
      }
    >
      <View>
        <View
          onFocusCapture={[Function]}
          onLayout={[Function]}
          style={null}
        >
          <Text
            style={
              {
                "backgroundColor": "#f5f5f5",
                "color": "black",
                "fontWeight": "bold",
                "paddingBottom": 6,
                "paddingLeft": 20,
                "paddingRight": 20,
                "paddingTop": 6,
              }
            }
          >
            March 2023
          </Text>
        </View>
        <View
          onFocusCapture={[Function]}
          onLayout={[Function]}
          style={null}
        >
          <View
            style={
              {
                "paddingLeft": 20,
                "paddingRight": 20,
              }
            }
          >
            <View
              style={
                [
                  {
                    "alignItems": "center",
                    "flexDirection": "row",
                    "justifyContent": "space-between",
                    "paddingVertical": 8,
                  },
                  {
                    "borderBottomColor": "lightgray",
                    "borderBottomWidth": 1,
                  },
                ]
              }
            >
              <View
                style={
                  {
                    "flex": 1,
                  }
                }
              >
                <RCTScrollView
                  horizontal={true}
                >
                  <View>
                    <Text
                      style={
                        {
                          "color": "black",
                          "fontSize": 14,
                          "fontWeight": "bold",
                        }
                      }
                    >
                      t1
                    </Text>
                  </View>
                </RCTScrollView>
                <Text
                  style={
                    {
                      "color": "gray",
                      "fontSize": 14,
                    }
                  }
                >
                  12/03/2023
                   at 
                  11:42:32
                </Text>
              </View>
              <View
                style={
                  {
                    "alignItems": "flex-end",
                    "marginLeft": 10,
                  }
                }
              >
                <Text
                  style={
                    [
                      {
                        "fontSize": 16,
                        "fontWeight": "bold",
                      },
                      {
                        "color": "red",
                      },
                    ]
                  }
                >
                  -£10.00
                </Text>
              </View>
            </View>
          </View>
        </View>
        <View
          onFocusCapture={[Function]}
          onLayout={[Function]}
          style={null}
        >
          <View
            style={
              {
                "paddingLeft": 20,
                "paddingRight": 20,
              }
            }
          >
            <View
              style={
                [
                  {
                    "alignItems": "center",
                    "flexDirection": "row",
                    "justifyContent": "space-between",
                    "paddingVertical": 8,
                  },
                  {},
                ]
              }
            >
              <View
                style={
                  {
                    "flex": 1,
                  }
                }
              >
                <RCTScrollView
                  horizontal={true}
                >
                  <View>
                    <Text
                      style={
                        {
                          "color": "black",
                          "fontSize": 14,
                          "fontWeight": "bold",
                        }
                      }
                    >
                      t2
                    </Text>
                  </View>
                </RCTScrollView>
                <Text
                  style={
                    {
                      "color": "gray",
                      "fontSize": 14,
                    }
                  }
                >
                  11/03/2023
                   at 
                  11:46:36
                </Text>
              </View>
              <View
                style={
                  {
                    "alignItems": "flex-end",
                    "marginLeft": 10,
                  }
                }
              >
                <Text
                  style={
                    [
                      {
                        "fontSize": 16,
                        "fontWeight": "bold",
                      },
                      {
                        "color": "red",
                      },
                    ]
                  }
                >
                  £10.00
                </Text>
              </View>
            </View>
          </View>
        </View>
        <View
          onFocusCapture={[Function]}
          onLayout={[Function]}
          style={null}
        />
      </View>
    </RCTScrollView>
  </View>
</View>
`;
