// Jest Snapshot v1, https://goo.gl/fbAQLP

exports[`<HomePage /> snapshot test 1`] = `
<RCTScrollView
  contentContainerStyle={
    Object {
      "alignItems": "center",
      "backgroundColor": "white",
      "flexGrow": 1,
      "justifyContent": "center",
      "paddingBottom": 20,
    }
  }
  style={
    Object {
      "flex": 1,
    }
  }
>
  <View>
    <View
      className="VictoryContainer"
      onMoveShouldSetResponder={[Function]}
      onMoveShouldSetResponderCapture={[Function]}
      onResponderEnd={[Function]}
      onResponderGrant={[Function]}
      onResponderMove={[Function]}
      onResponderReject={[Function]}
      onResponderRelease={[Function]}
      onResponderStart={[Function]}
      onResponderTerminate={[Function]}
      onResponderTerminationRequest={[Function]}
      onStartShouldSetResponder={[Function]}
      onStartShouldSetResponderCapture={[Function]}
      pointerEvents="box-none"
      style={
        Object {
          "paddingBottom": 10,
          "position": "relative",
        }
      }
    >
      <RNSVGSvgView
        align="xMidYMid"
        bbHeight="300"
        bbWidth="750"
        focusable={false}
        height={300}
        meetOrSlice={0}
        minX={0}
        minY={0}
        role="img"
        style={
          Array [
            Object {
              "backgroundColor": "transparent",
              "borderWidth": 0,
            },
            Object {
              "height": "100%",
              "width": "100%",
            },
            Object {
              "flex": 0,
              "height": 300,
              "width": 750,
            },
          ]
        }
        vbHeight={300}
        vbWidth={750}
        width={750}
      >
        <RNSVGGroup>
          <RNSVGRect
            fill={null}
            height="300"
            propList={
              Array [
                "fill",
              ]
            }
            width="750"
            x="0"
            y="0"
          />
          <RNSVGGroup>
            <RNSVGPath
              d="M2.349691592702662,-239.68205005290886A10,10,0,0,1,12.86426207573194,-249.66880213844672A250,250,0,0,1,98.8178740832954,229.6410846552898A10,10,0,0,1,85.48828975074213,223.93025361401948L40.18455582418119,101.67697694836924A10,10,0,0,1,45.055841084911485,89.27469509402539A100,100,0,0,0,11.226992357002432,-99.36777466873156A10,10,0,0,1,2.3496915927026745,-109.30455213560472Z"
              fill={
                Object {
                  "payload": 4294951115,
                  "type": 0,
                }
              }
              matrix={
                Array [
                  1,
                  0,
                  0,
                  1,
                  375,
                  150,
                ]
              }
              onResponderGrant={[Function]}
              onResponderMove={[Function]}
              onResponderRelease={[Function]}
              onResponderTerminate={[Function]}
              onResponderTerminationRequest={[Function]}
              onStartShouldSetResponder={[Function]}
              propList={
                Array [
                  "fill",
                ]
              }
              responsible={true}
            />
            <RNSVGPath
              d="M81.08173952619603,225.56320108464513A10,10,0,0,1,74.69257308018186,238.58126398915255A250,250,0,0,1,-209.78739414645946,135.97517882774804A10,10,0,0,1,-206.3958983806011,121.87591763679372L-93.48567310236295,56.68716867814163A10,10,0,0,1,-80.44152100214814,59.40674792362365A100,100,0,0,0,24.00103293673963,97.07703342176016A10,10,0,0,1,35.778005599635044,103.30992441899488Z"
              fill={
                Object {
                  "payload": 4282441936,
                  "type": 0,
                }
              }
              matrix={
                Array [
                  1,
                  0,
                  0,
                  1,
                  375,
                  150,
                ]
              }
              onResponderGrant={[Function]}
              onResponderMove={[Function]}
              onResponderRelease={[Function]}
              onResponderTerminate={[Function]}
              onResponderTerminationRequest={[Function]}
              onStartShouldSetResponder={[Function]}
              propList={
                Array [
                  "fill",
                ]
              }
              responsible={true}
            />
            <RNSVGPath
              d="M-208.7455899733037,117.80613241611532A10,10,0,0,1,-222.65165622219138,113.6936233106989A250,250,0,0,1,-12.864262075732231,-249.66880213844675A10,10,0,0,1,-2.3496915927028983,-239.68205005290892L-2.34969159270274,-109.3045521356047A10,10,0,0,1,-11.22699235700249,-99.36777466873153A100,100,0,0,0,-91.66851335915055,39.961026745108A10,10,0,0,1,-95.8353646950656,52.61738345746318Z"
              fill={
                Object {
                  "payload": 4278255360,
                  "type": 0,
                }
              }
              matrix={
                Array [
                  1,
                  0,
                  0,
                  1,
                  375,
                  150,
                ]
              }
              onResponderGrant={[Function]}
              onResponderMove={[Function]}
              onResponderRelease={[Function]}
              onResponderTerminate={[Function]}
              onResponderTerminationRequest={[Function]}
              onStartShouldSetResponder={[Function]}
              propList={
                Array [
                  "fill",
                ]
              }
              responsible={true}
            />
          </RNSVGGroup>
          <RNSVGText
            content={null}
            dx={
              Array [
                "0",
              ]
            }
            dy={Array []}
            font={Object {}}
            rotate={Array []}
            x={
              Array [
                "375",
              ]
            }
            y={
              Array [
                "111.035",
              ]
            }
          >
            <RNSVGTSpan
              content="Net Worth"
              dx={
                Array [
                  "0",
                ]
              }
              dy={
                Array [
                  "0",
                ]
              }
              fill={
                Object {
                  "payload": 4278190080,
                  "type": 0,
                }
              }
              font={
                Object {
                  "fontFamily": "Gill Sans",
                  "fontSize": "17",
                  "textAnchor": "middle",
                }
              }
              propList={
                Array [
                  "fill",
                ]
              }
              rotate={Array []}
              x={
                Array [
                  "375",
                ]
              }
              y={Array []}
            />
          </RNSVGText>
          <RNSVGText
            content={null}
            dx={
              Array [
                "0",
              ]
            }
            dy={Array []}
            font={Object {}}
            rotate={Array []}
            x={
              Array [
                "375",
              ]
            }
            y={
              Array [
                "134.585",
              ]
            }
          >
            <RNSVGTSpan
              content="£225.00"
              dx={
                Array [
                  "0",
                ]
              }
              dy={
                Array [
                  "0",
                ]
              }
              fill={
                Object {
                  "payload": 4278190080,
                  "type": 0,
                }
              }
              font={
                Object {
                  "fontFamily": "Gill Sans",
                  "fontSize": "27",
                  "fontWeight": "700",
                  "textAnchor": "middle",
                }
              }
              propList={
                Array [
                  "fill",
                ]
              }
              rotate={Array []}
              x={
                Array [
                  "375",
                ]
              }
              y={Array []}
            />
          </RNSVGText>
          <RNSVGText
            content={null}
            dx={
              Array [
                "0",
              ]
            }
            dy={Array []}
            font={Object {}}
            rotate={Array []}
            x={
              Array [
                "375",
              ]
            }
            y={
              Array [
                "171.035",
              ]
            }
          >
            <RNSVGTSpan
              content="Assets"
              dx={
                Array [
                  "0",
                ]
              }
              dy={
                Array [
                  "0",
                ]
              }
              fill={
                Object {
                  "payload": 4278190080,
                  "type": 0,
                }
              }
              font={
                Object {
                  "fontFamily": "Gill Sans",
                  "fontSize": "17",
                  "textAnchor": "middle",
                }
              }
              propList={
                Array [
                  "fill",
                ]
              }
              rotate={Array []}
              x={
                Array [
                  "375",
                ]
              }
              y={Array []}
            />
          </RNSVGText>
          <RNSVGText
            content={null}
            dx={
              Array [
                "0",
              ]
            }
            dy={Array []}
            font={Object {}}
            rotate={Array []}
            x={
              Array [
                "375",
              ]
            }
            y={
              Array [
                "194.585",
              ]
            }
          >
            <RNSVGTSpan
              content="3"
              dx={
                Array [
                  "0",
                ]
              }
              dy={
                Array [
                  "0",
                ]
              }
              fill={
                Object {
                  "payload": 4278190080,
                  "type": 0,
                }
              }
              font={
                Object {
                  "fontFamily": "Gill Sans",
                  "fontSize": "27",
                  "fontWeight": "700",
                  "textAnchor": "middle",
                }
              }
              propList={
                Array [
                  "fill",
                ]
              }
              rotate={Array []}
              x={
                Array [
                  "375",
                ]
              }
              y={Array []}
            />
          </RNSVGText>
          <View
            pointerEvents="box-none"
            style={
              Object {
                "left": 0,
                "position": "absolute",
                "top": 0,
                "zIndex": 99,
              }
            }
          >
            <RNSVGSvgView
              align="xMidYMid"
              bbHeight="300"
              bbWidth="750"
              focusable={false}
              height={300}
              meetOrSlice={0}
              minX={0}
              minY={0}
              style={
                Array [
                  Object {
                    "backgroundColor": "transparent",
                    "borderWidth": 0,
                  },
                  Object {
                    "height": "100%",
                    "overflow": "visible",
                    "width": "100%",
                  },
                  Object {
                    "flex": 0,
                    "height": 300,
                    "width": 750,
                  },
                ]
              }
              vbHeight={300}
              vbWidth={750}
              width={750}
            >
              <RNSVGGroup />
            </RNSVGSvgView>
          </View>
        </RNSVGGroup>
      </RNSVGSvgView>
    </View>
    <View
      className="VictoryContainer"
      onMoveShouldSetResponder={[Function]}
      onMoveShouldSetResponderCapture={[Function]}
      onResponderEnd={[Function]}
      onResponderGrant={[Function]}
      onResponderMove={[Function]}
      onResponderReject={[Function]}
      onResponderRelease={[Function]}
      onResponderStart={[Function]}
      onResponderTerminate={[Function]}
      onResponderTerminationRequest={[Function]}
      onStartShouldSetResponder={[Function]}
      onStartShouldSetResponderCapture={[Function]}
      pointerEvents="box-none"
      style={
        Object {
          "position": "relative",
        }
      }
    >
      <RNSVGSvgView
        align="xMidYMid"
        bbHeight="180"
        bbWidth="750"
        focusable={false}
        height={180}
        meetOrSlice={0}
        minX={0}
        minY={0}
        role="img"
        style={
          Array [
            Object {
              "backgroundColor": "transparent",
              "borderWidth": 0,
            },
            Object {
              "height": "100%",
              "width": "100%",
            },
            Object {
              "flex": 0,
              "height": 180,
              "width": 750,
            },
          ]
        }
        vbHeight={180}
        vbWidth={750}
        width={750}
      >
        <RNSVGGroup>
          <RNSVGRect
            fill={null}
            height="180"
            propList={
              Array [
                "fill",
              ]
            }
            width="750"
            x="0"
            y="0"
          />
          <RNSVGGroup>
            <RNSVGPath
              d="M 40, 149 
A 0 0 0 0 1, 40, 149 
L 40, 131 
A 0 0 0 0 1, 40, 131 
L 710, 131 
A 0 0 0 0 1, 710, 131 
L 710, 149 
A 0 0 0 0 1, 710, 149 
 z"
              fill={
                Object {
                  "payload": 4294951115,
                  "type": 0,
                }
              }
              onResponderGrant={[Function]}
              onResponderMove={[Function]}
              onResponderRelease={[Function]}
              onResponderTerminate={[Function]}
              onResponderTerminationRequest={[Function]}
              onStartShouldSetResponder={[Function]}
              propList={
                Array [
                  "fill",
                  "stroke",
                  "strokeWidth",
                ]
              }
              responsible={true}
              stroke={
                Object {
                  "payload": 4294951115,
                  "type": 0,
                }
              }
              strokeWidth="0"
            />
            <RNSVGPath
              d="M 40, 99 
A 0 0 0 0 1, 40, 99 
L 40, 81 
A 0 0 0 0 1, 40, 81 
L 375, 81 
A 0 0 0 0 1, 375, 81 
L 375, 99 
A 0 0 0 0 1, 375, 99 
 z"
              fill={
                Object {
                  "payload": 4282441936,
                  "type": 0,
                }
              }
              onResponderGrant={[Function]}
              onResponderMove={[Function]}
              onResponderRelease={[Function]}
              onResponderTerminate={[Function]}
              onResponderTerminationRequest={[Function]}
              onStartShouldSetResponder={[Function]}
              propList={
                Array [
                  "fill",
                  "stroke",
                  "strokeWidth",
                ]
              }
              responsible={true}
              stroke={
                Object {
                  "payload": 4282441936,
                  "type": 0,
                }
              }
              strokeWidth="0"
            />
            <RNSVGPath
              d="M 40, 49 
A 0 0 0 0 1, 40, 49 
L 40, 31 
A 0 0 0 0 1, 40, 31 
L 542.5, 31 
A 0 0 0 0 1, 542.5, 31 
L 542.5, 49 
A 0 0 0 0 1, 542.5, 49 
 z"
              fill={
                Object {
                  "payload": 4278255360,
                  "type": 0,
                }
              }
              onResponderGrant={[Function]}
              onResponderMove={[Function]}
              onResponderRelease={[Function]}
              onResponderTerminate={[Function]}
              onResponderTerminationRequest={[Function]}
              onStartShouldSetResponder={[Function]}
              propList={
                Array [
                  "fill",
                  "stroke",
                  "strokeWidth",
                ]
              }
              responsible={true}
              stroke={
                Object {
                  "payload": 4278255360,
                  "type": 0,
                }
              }
              strokeWidth="0"
            />
            <RNSVGText
              content={null}
              dx={
                Array [
                  "10",
                ]
              }
              dy={Array []}
              font={Object {}}
              name="bar-labels-0"
              onResponderGrant={[Function]}
              onResponderMove={[Function]}
              onResponderRelease={[Function]}
              onResponderTerminate={[Function]}
              onResponderTerminationRequest={[Function]}
              onStartShouldSetResponder={[Function]}
              responsible={true}
              rotate={Array []}
              x={
                Array [
                  "30",
                ]
              }
              y={
                Array [
                  "127.81",
                ]
              }
            >
              <RNSVGTSpan
                content="●Banks"
                dx={
                  Array [
                    "10",
                  ]
                }
                dy={
                  Array [
                    "0",
                  ]
                }
                fill={
                  Object {
                    "payload": 4278190080,
                    "type": 0,
                  }
                }
                font={
                  Object {
                    "fontFamily": "Gill Sans",
                    "fontSize": "22",
                    "fontWeight": "900",
                    "textAnchor": "start",
                  }
                }
                propList={
                  Array [
                    "fill",
                  ]
                }
                rotate={Array []}
                x={
                  Array [
                    "30",
                  ]
                }
                y={Array []}
              />
            </RNSVGText>
            <RNSVGText
              content={null}
              dx={
                Array [
                  "10",
                ]
              }
              dy={Array []}
              font={Object {}}
              name="bar-labels-1"
              onResponderGrant={[Function]}
              onResponderMove={[Function]}
              onResponderRelease={[Function]}
              onResponderTerminate={[Function]}
              onResponderTerminationRequest={[Function]}
              onStartShouldSetResponder={[Function]}
              responsible={true}
              rotate={Array []}
              x={
                Array [
                  "30",
                ]
              }
              y={
                Array [
                  "77.81",
                ]
              }
            >
              <RNSVGTSpan
                content="●Crypto"
                dx={
                  Array [
                    "10",
                  ]
                }
                dy={
                  Array [
                    "0",
                  ]
                }
                fill={
                  Object {
                    "payload": 4278190080,
                    "type": 0,
                  }
                }
                font={
                  Object {
                    "fontFamily": "Gill Sans",
                    "fontSize": "22",
                    "fontWeight": "900",
                    "textAnchor": "start",
                  }
                }
                propList={
                  Array [
                    "fill",
                  ]
                }
                rotate={Array []}
                x={
                  Array [
                    "30",
                  ]
                }
                y={Array []}
              />
            </RNSVGText>
            <RNSVGText
              content={null}
              dx={
                Array [
                  "10",
                ]
              }
              dy={Array []}
              font={Object {}}
              name="bar-labels-2"
              onResponderGrant={[Function]}
              onResponderMove={[Function]}
              onResponderRelease={[Function]}
              onResponderTerminate={[Function]}
              onResponderTerminationRequest={[Function]}
              onStartShouldSetResponder={[Function]}
              responsible={true}
              rotate={Array []}
              x={
                Array [
                  "30",
                ]
              }
              y={
                Array [
                  "27.81",
                ]
              }
            >
              <RNSVGTSpan
                content="●Stocks"
                dx={
                  Array [
                    "10",
                  ]
                }
                dy={
                  Array [
                    "0",
                  ]
                }
                fill={
                  Object {
                    "payload": 4278190080,
                    "type": 0,
                  }
                }
                font={
                  Object {
                    "fontFamily": "Gill Sans",
                    "fontSize": "22",
                    "fontWeight": "900",
                    "textAnchor": "start",
                  }
                }
                propList={
                  Array [
                    "fill",
                  ]
                }
                rotate={Array []}
                x={
                  Array [
                    "30",
                  ]
                }
                y={Array []}
              />
            </RNSVGText>
          </RNSVGGroup>
          <View
            pointerEvents="box-none"
            style={
              Object {
                "left": 0,
                "position": "absolute",
                "top": 0,
                "zIndex": 99,
              }
            }
          >
            <RNSVGSvgView
              align="xMidYMid"
              bbHeight="180"
              bbWidth="750"
              focusable={false}
              height={180}
              meetOrSlice={0}
              minX={0}
              minY={0}
              style={
                Array [
                  Object {
                    "backgroundColor": "transparent",
                    "borderWidth": 0,
                  },
                  Object {
                    "height": "100%",
                    "overflow": "visible",
                    "width": "100%",
                  },
                  Object {
                    "flex": 0,
                    "height": 180,
                    "width": 750,
                  },
                ]
              }
              vbHeight={180}
              vbWidth={750}
              width={750}
            >
              <RNSVGGroup />
            </RNSVGSvgView>
          </View>
        </RNSVGGroup>
      </RNSVGSvgView>
    </View>
  </View>
</RCTScrollView>
`;
