// Jest Snapshot v1, https://goo.gl/fbAQLP

exports[`<StackedChart /> test stacked bar chart 1`] = `
<RCTScrollView
  contentContainerStyle={
    {
      "alignItems": "center",
      "backgroundColor": "white",
      "flexGrow": 1,
      "justifyContent": "center",
      "paddingBottom": 20,
    }
  }
  style={
    {
      "flex": 1,
    }
  }
>
  <View>
    <View
      className="VictoryContainer"
      onMoveShouldSetResponder={[Function]}
      onMoveShouldSetResponderCapture={[Function]}
      onResponderEnd={[Function]}
      onResponderGrant={[Function]}
      onResponderMove={[Function]}
      onResponderReject={[Function]}
      onResponderRelease={[Function]}
      onResponderStart={[Function]}
      onResponderTerminate={[Function]}
      onResponderTerminationRequest={[Function]}
      onStartShouldSetResponder={[Function]}
      onStartShouldSetResponderCapture={[Function]}
      pointerEvents="box-none"
      style={
        {
          "position": "relative",
        }
      }
    >
      <RNSVGSvgView
        align="xMidYMid"
        bbHeight="300"
        bbWidth="750"
        focusable={false}
        height={300}
        meetOrSlice={0}
        minX={0}
        minY={0}
        role="img"
        style={
          [
            {
              "backgroundColor": "transparent",
              "borderWidth": 0,
            },
            {
              "height": "100%",
              "width": "100%",
            },
            {
              "flex": 0,
              "height": 300,
              "width": 750,
            },
          ]
        }
        vbHeight={300}
        vbWidth={750}
        width={750}
      >
        <RNSVGGroup>
          <RNSVGRect
            fill={null}
            height="300"
            propList={
              [
                "fill",
              ]
            }
            width="750"
            x="0"
            y="0"
          />
          <RNSVGGroup>
            <RNSVGLine
              fill={
                {
                  "payload": 0,
                  "type": 0,
                }
              }
              propList={
                [
                  "fill",
                  "stroke",
                  "strokeWidth",
                  "strokeLinecap",
                  "strokeLinejoin",
                ]
              }
              stroke={
                {
                  "payload": 4286611584,
                  "type": 0,
                }
              }
              strokeLinecap={1}
              strokeLinejoin={1}
              strokeWidth="1"
              vectorEffect={1}
              x1="50"
              x2="50"
              y1="50"
              y2="250"
            />
            <RNSVGGroup>
              <RNSVGLine
                fill={null}
                propList={
                  [
                    "fill",
                    "stroke",
                  ]
                }
                stroke={
                  {
                    "payload": 4286611584,
                    "type": 0,
                  }
                }
                vectorEffect={1}
                x1="50"
                x2="700"
                y1="213.963963963964"
                y2="213.963963963964"
              />
              <RNSVGText
                content={null}
                dx={
                  [
                    "0",
                  ]
                }
                dy={[]}
                font={{}}
                name="chart-axis-0-tickLabels-0"
                rotate={[]}
                x={
                  [
                    "39",
                  ]
                }
                y={
                  [
                    "218.223963963964",
                  ]
                }
              >
                <RNSVGTSpan
                  content="0.2"
                  dx={
                    [
                      "0",
                    ]
                  }
                  dy={
                    [
                      "0",
                    ]
                  }
                  fill={
                    {
                      "payload": 4278190080,
                      "type": 0,
                    }
                  }
                  font={
                    {
                      "fontFamily": "Gill Sans",
                      "fontSize": "12",
                      "letterSpacing": "normal",
                      "textAnchor": "end",
                    }
                  }
                  propList={
                    [
                      "fill",
                    ]
                  }
                  rotate={[]}
                  x={
                    [
                      "39",
                    ]
                  }
                  y={[]}
                />
              </RNSVGText>
            </RNSVGGroup>
            <RNSVGGroup>
              <RNSVGLine
                fill={null}
                propList={
                  [
                    "fill",
                    "stroke",
                  ]
                }
                stroke={
                  {
                    "payload": 4286611584,
                    "type": 0,
                  }
                }
                vectorEffect={1}
                x1="50"
                x2="700"
                y1="177.92792792792793"
                y2="177.92792792792793"
              />
              <RNSVGText
                content={null}
                dx={
                  [
                    "0",
                  ]
                }
                dy={[]}
                font={{}}
                name="chart-axis-0-tickLabels-1"
                rotate={[]}
                x={
                  [
                    "39",
                  ]
                }
                y={
                  [
                    "182.18792792792792",
                  ]
                }
              >
                <RNSVGTSpan
                  content="0.4"
                  dx={
                    [
                      "0",
                    ]
                  }
                  dy={
                    [
                      "0",
                    ]
                  }
                  fill={
                    {
                      "payload": 4278190080,
                      "type": 0,
                    }
                  }
                  font={
                    {
                      "fontFamily": "Gill Sans",
                      "fontSize": "12",
                      "letterSpacing": "normal",
                      "textAnchor": "end",
                    }
                  }
                  propList={
                    [
                      "fill",
                    ]
                  }
                  rotate={[]}
                  x={
                    [
                      "39",
                    ]
                  }
                  y={[]}
                />
              </RNSVGText>
            </RNSVGGroup>
            <RNSVGGroup>
              <RNSVGLine
                fill={null}
                propList={
                  [
                    "fill",
                    "stroke",
                  ]
                }
                stroke={
                  {
                    "payload": 4286611584,
                    "type": 0,
                  }
                }
                vectorEffect={1}
                x1="50"
                x2="700"
                y1="141.8918918918919"
                y2="141.8918918918919"
              />
              <RNSVGText
                content={null}
                dx={
                  [
                    "0",
                  ]
                }
                dy={[]}
                font={{}}
                name="chart-axis-0-tickLabels-2"
                rotate={[]}
                x={
                  [
                    "39",
                  ]
                }
                y={
                  [
                    "146.1518918918919",
                  ]
                }
              >
                <RNSVGTSpan
                  content="0.6"
                  dx={
                    [
                      "0",
                    ]
                  }
                  dy={
                    [
                      "0",
                    ]
                  }
                  fill={
                    {
                      "payload": 4278190080,
                      "type": 0,
                    }
                  }
                  font={
                    {
                      "fontFamily": "Gill Sans",
                      "fontSize": "12",
                      "letterSpacing": "normal",
                      "textAnchor": "end",
                    }
                  }
                  propList={
                    [
                      "fill",
                    ]
                  }
                  rotate={[]}
                  x={
                    [
                      "39",
                    ]
                  }
                  y={[]}
                />
              </RNSVGText>
            </RNSVGGroup>
            <RNSVGGroup>
              <RNSVGLine
                fill={null}
                propList={
                  [
                    "fill",
                    "stroke",
                  ]
                }
                stroke={
                  {
                    "payload": 4286611584,
                    "type": 0,
                  }
                }
                vectorEffect={1}
                x1="50"
                x2="700"
                y1="105.85585585585586"
                y2="105.85585585585586"
              />
              <RNSVGText
                content={null}
                dx={
                  [
                    "0",
                  ]
                }
                dy={[]}
                font={{}}
                name="chart-axis-0-tickLabels-3"
                rotate={[]}
                x={
                  [
                    "39",
                  ]
                }
                y={
                  [
                    "110.11585585585587",
                  ]
                }
              >
                <RNSVGTSpan
                  content="0.8"
                  dx={
                    [
                      "0",
                    ]
                  }
                  dy={
                    [
                      "0",
                    ]
                  }
                  fill={
                    {
                      "payload": 4278190080,
                      "type": 0,
                    }
                  }
                  font={
                    {
                      "fontFamily": "Gill Sans",
                      "fontSize": "12",
                      "letterSpacing": "normal",
                      "textAnchor": "end",
                    }
                  }
                  propList={
                    [
                      "fill",
                    ]
                  }
                  rotate={[]}
                  x={
                    [
                      "39",
                    ]
                  }
                  y={[]}
                />
              </RNSVGText>
            </RNSVGGroup>
            <RNSVGGroup>
              <RNSVGLine
                fill={null}
                propList={
                  [
                    "fill",
                    "stroke",
                  ]
                }
                stroke={
                  {
                    "payload": 4286611584,
                    "type": 0,
                  }
                }
                vectorEffect={1}
                x1="50"
                x2="700"
                y1="69.81981981981984"
                y2="69.81981981981984"
              />
              <RNSVGText
                content={null}
                dx={
                  [
                    "0",
                  ]
                }
                dy={[]}
                font={{}}
                name="chart-axis-0-tickLabels-4"
                rotate={[]}
                x={
                  [
                    "39",
                  ]
                }
                y={
                  [
                    "74.07981981981985",
                  ]
                }
              >
                <RNSVGTSpan
                  content="1.0"
                  dx={
                    [
                      "0",
                    ]
                  }
                  dy={
                    [
                      "0",
                    ]
                  }
                  fill={
                    {
                      "payload": 4278190080,
                      "type": 0,
                    }
                  }
                  font={
                    {
                      "fontFamily": "Gill Sans",
                      "fontSize": "12",
                      "letterSpacing": "normal",
                      "textAnchor": "end",
                    }
                  }
                  propList={
                    [
                      "fill",
                    ]
                  }
                  rotate={[]}
                  x={
                    [
                      "39",
                    ]
                  }
                  y={[]}
                />
              </RNSVGText>
            </RNSVGGroup>
          </RNSVGGroup>
          <RNSVGGroup>
            <RNSVGLine
              fill={
                {
                  "payload": 0,
                  "type": 0,
                }
              }
              propList={
                [
                  "fill",
                  "stroke",
                  "strokeWidth",
                  "strokeLinecap",
                  "strokeLinejoin",
                ]
              }
              stroke={
                {
                  "payload": 4286611584,
                  "type": 0,
                }
              }
              strokeLinecap={1}
              strokeLinejoin={1}
              strokeWidth="1"
              vectorEffect={1}
              x1="50"
              x2="700"
              y1="250"
              y2="250"
            />
            <RNSVGGroup>
              <RNSVGText
                content={null}
                dx={
                  [
                    "0",
                  ]
                }
                dy={[]}
                font={{}}
                name="chart-axis-1-tickLabels-0"
                rotate={[]}
                x={
                  [
                    "70",
                  ]
                }
                y={
                  [
                    "272.97",
                  ]
                }
              >
                <RNSVGTSpan
                  content="1"
                  dx={
                    [
                      "0",
                    ]
                  }
                  dy={
                    [
                      "0",
                    ]
                  }
                  fill={
                    {
                      "payload": 4278190080,
                      "type": 0,
                    }
                  }
                  font={
                    {
                      "fontFamily": "Gill Sans",
                      "fontSize": "14",
                      "letterSpacing": "normal",
                      "textAnchor": "middle",
                    }
                  }
                  propList={
                    [
                      "fill",
                    ]
                  }
                  rotate={[]}
                  x={
                    [
                      "70",
                    ]
                  }
                  y={[]}
                />
              </RNSVGText>
            </RNSVGGroup>
            <RNSVGGroup>
              <RNSVGText
                content={null}
                dx={
                  [
                    "0",
                  ]
                }
                dy={[]}
                font={{}}
                name="chart-axis-1-tickLabels-1"
                rotate={[]}
                x={
                  [
                    "222.5",
                  ]
                }
                y={
                  [
                    "272.97",
                  ]
                }
              >
                <RNSVGTSpan
                  content="2"
                  dx={
                    [
                      "0",
                    ]
                  }
                  dy={
                    [
                      "0",
                    ]
                  }
                  fill={
                    {
                      "payload": 4278190080,
                      "type": 0,
                    }
                  }
                  font={
                    {
                      "fontFamily": "Gill Sans",
                      "fontSize": "14",
                      "letterSpacing": "normal",
                      "textAnchor": "middle",
                    }
                  }
                  propList={
                    [
                      "fill",
                    ]
                  }
                  rotate={[]}
                  x={
                    [
                      "222.5",
                    ]
                  }
                  y={[]}
                />
              </RNSVGText>
            </RNSVGGroup>
            <RNSVGGroup>
              <RNSVGText
                content={null}
                dx={
                  [
                    "0",
                  ]
                }
                dy={[]}
                font={{}}
                name="chart-axis-1-tickLabels-2"
                rotate={[]}
                x={
                  [
                    "375",
                  ]
                }
                y={
                  [
                    "272.97",
                  ]
                }
              >
                <RNSVGTSpan
                  content="3"
                  dx={
                    [
                      "0",
                    ]
                  }
                  dy={
                    [
                      "0",
                    ]
                  }
                  fill={
                    {
                      "payload": 4278190080,
                      "type": 0,
                    }
                  }
                  font={
                    {
                      "fontFamily": "Gill Sans",
                      "fontSize": "14",
                      "letterSpacing": "normal",
                      "textAnchor": "middle",
                    }
                  }
                  propList={
                    [
                      "fill",
                    ]
                  }
                  rotate={[]}
                  x={
                    [
                      "375",
                    ]
                  }
                  y={[]}
                />
              </RNSVGText>
            </RNSVGGroup>
            <RNSVGGroup>
              <RNSVGText
                content={null}
                dx={
                  [
                    "0",
                  ]
                }
                dy={[]}
                font={{}}
                name="chart-axis-1-tickLabels-3"
                rotate={[]}
                x={
                  [
                    "527.4999999999999",
                  ]
                }
                y={
                  [
                    "272.97",
                  ]
                }
              >
                <RNSVGTSpan
                  content="4"
                  dx={
                    [
                      "0",
                    ]
                  }
                  dy={
                    [
                      "0",
                    ]
                  }
                  fill={
                    {
                      "payload": 4278190080,
                      "type": 0,
                    }
                  }
                  font={
                    {
                      "fontFamily": "Gill Sans",
                      "fontSize": "14",
                      "letterSpacing": "normal",
                      "textAnchor": "middle",
                    }
                  }
                  propList={
                    [
                      "fill",
                    ]
                  }
                  rotate={[]}
                  x={
                    [
                      "527.4999999999999",
                    ]
                  }
                  y={[]}
                />
              </RNSVGText>
            </RNSVGGroup>
            <RNSVGGroup>
              <RNSVGText
                content={null}
                dx={
                  [
                    "0",
                  ]
                }
                dy={[]}
                font={{}}
                name="chart-axis-1-tickLabels-4"
                rotate={[]}
                x={
                  [
                    "680",
                  ]
                }
                y={
                  [
                    "272.97",
                  ]
                }
              >
                <RNSVGTSpan
                  content="5"
                  dx={
                    [
                      "0",
                    ]
                  }
                  dy={
                    [
                      "0",
                    ]
                  }
                  fill={
                    {
                      "payload": 4278190080,
                      "type": 0,
                    }
                  }
                  font={
                    {
                      "fontFamily": "Gill Sans",
                      "fontSize": "14",
                      "letterSpacing": "normal",
                      "textAnchor": "middle",
                    }
                  }
                  propList={
                    [
                      "fill",
                    ]
                  }
                  rotate={[]}
                  x={
                    [
                      "680",
                    ]
                  }
                  y={[]}
                />
              </RNSVGText>
            </RNSVGGroup>
          </RNSVGGroup>
          <RNSVGGroup />
          <View
            pointerEvents="box-none"
            style={
              {
                "left": 0,
                "position": "absolute",
                "top": 0,
                "zIndex": 99,
              }
            }
          >
            <RNSVGSvgView
              align="xMidYMid"
              bbHeight="300"
              bbWidth="750"
              focusable={false}
              height={300}
              meetOrSlice={0}
              minX={0}
              minY={0}
              style={
                [
                  {
                    "backgroundColor": "transparent",
                    "borderWidth": 0,
                  },
                  {
                    "height": "100%",
                    "overflow": "visible",
                    "width": "100%",
                  },
                  {
                    "flex": 0,
                    "height": 300,
                    "width": 750,
                  },
                ]
              }
              vbHeight={300}
              vbWidth={750}
              width={750}
            >
              <RNSVGGroup />
            </RNSVGSvgView>
          </View>
        </RNSVGGroup>
      </RNSVGSvgView>
    </View>
  </View>
</RCTScrollView>
`;

exports[`<StackedChart /> test stacked bar chart with empty data 1`] = `
<RCTScrollView
  contentContainerStyle={
    {
      "alignItems": "center",
      "backgroundColor": "white",
      "flexGrow": 1,
      "justifyContent": "center",
      "paddingBottom": 20,
    }
  }
  style={
    {
      "flex": 1,
    }
  }
>
  <View>
    <View
      className="VictoryContainer"
      onMoveShouldSetResponder={[Function]}
      onMoveShouldSetResponderCapture={[Function]}
      onResponderEnd={[Function]}
      onResponderGrant={[Function]}
      onResponderMove={[Function]}
      onResponderReject={[Function]}
      onResponderRelease={[Function]}
      onResponderStart={[Function]}
      onResponderTerminate={[Function]}
      onResponderTerminationRequest={[Function]}
      onStartShouldSetResponder={[Function]}
      onStartShouldSetResponderCapture={[Function]}
      pointerEvents="box-none"
      style={
        {
          "position": "relative",
        }
      }
    >
      <RNSVGSvgView
        align="xMidYMid"
        bbHeight="300"
        bbWidth="750"
        focusable={false}
        height={300}
        meetOrSlice={0}
        minX={0}
        minY={0}
        role="img"
        style={
          [
            {
              "backgroundColor": "transparent",
              "borderWidth": 0,
            },
            {
              "height": "100%",
              "width": "100%",
            },
            {
              "flex": 0,
              "height": 300,
              "width": 750,
            },
          ]
        }
        vbHeight={300}
        vbWidth={750}
        width={750}
      >
        <RNSVGGroup>
          <RNSVGRect
            fill={null}
            height="300"
            propList={
              [
                "fill",
              ]
            }
            width="750"
            x="0"
            y="0"
          />
          <RNSVGGroup>
            <RNSVGLine
              fill={
                {
                  "payload": 0,
                  "type": 0,
                }
              }
              propList={
                [
                  "fill",
                  "stroke",
                  "strokeWidth",
                  "strokeLinecap",
                  "strokeLinejoin",
                ]
              }
              stroke={
                {
                  "payload": 4286611584,
                  "type": 0,
                }
              }
              strokeLinecap={1}
              strokeLinejoin={1}
              strokeWidth="1"
              vectorEffect={1}
              x1="50"
              x2="50"
              y1="50"
              y2="250"
            />
            <RNSVGGroup>
              <RNSVGLine
                fill={null}
                propList={
                  [
                    "fill",
                    "stroke",
                  ]
                }
                stroke={
                  {
                    "payload": 4286611584,
                    "type": 0,
                  }
                }
                vectorEffect={1}
                x1="50"
                x2="700"
                y1="213.963963963964"
                y2="213.963963963964"
              />
              <RNSVGText
                content={null}
                dx={
                  [
                    "0",
                  ]
                }
                dy={[]}
                font={{}}
                name="chart-axis-0-tickLabels-0"
                rotate={[]}
                x={
                  [
                    "39",
                  ]
                }
                y={
                  [
                    "218.223963963964",
                  ]
                }
              >
                <RNSVGTSpan
                  content="0.2"
                  dx={
                    [
                      "0",
                    ]
                  }
                  dy={
                    [
                      "0",
                    ]
                  }
                  fill={
                    {
                      "payload": 4278190080,
                      "type": 0,
                    }
                  }
                  font={
                    {
                      "fontFamily": "Gill Sans",
                      "fontSize": "12",
                      "letterSpacing": "normal",
                      "textAnchor": "end",
                    }
                  }
                  propList={
                    [
                      "fill",
                    ]
                  }
                  rotate={[]}
                  x={
                    [
                      "39",
                    ]
                  }
                  y={[]}
                />
              </RNSVGText>
            </RNSVGGroup>
            <RNSVGGroup>
              <RNSVGLine
                fill={null}
                propList={
                  [
                    "fill",
                    "stroke",
                  ]
                }
                stroke={
                  {
                    "payload": 4286611584,
                    "type": 0,
                  }
                }
                vectorEffect={1}
                x1="50"
                x2="700"
                y1="177.92792792792793"
                y2="177.92792792792793"
              />
              <RNSVGText
                content={null}
                dx={
                  [
                    "0",
                  ]
                }
                dy={[]}
                font={{}}
                name="chart-axis-0-tickLabels-1"
                rotate={[]}
                x={
                  [
                    "39",
                  ]
                }
                y={
                  [
                    "182.18792792792792",
                  ]
                }
              >
                <RNSVGTSpan
                  content="0.4"
                  dx={
                    [
                      "0",
                    ]
                  }
                  dy={
                    [
                      "0",
                    ]
                  }
                  fill={
                    {
                      "payload": 4278190080,
                      "type": 0,
                    }
                  }
                  font={
                    {
                      "fontFamily": "Gill Sans",
                      "fontSize": "12",
                      "letterSpacing": "normal",
                      "textAnchor": "end",
                    }
                  }
                  propList={
                    [
                      "fill",
                    ]
                  }
                  rotate={[]}
                  x={
                    [
                      "39",
                    ]
                  }
                  y={[]}
                />
              </RNSVGText>
            </RNSVGGroup>
            <RNSVGGroup>
              <RNSVGLine
                fill={null}
                propList={
                  [
                    "fill",
                    "stroke",
                  ]
                }
                stroke={
                  {
                    "payload": 4286611584,
                    "type": 0,
                  }
                }
                vectorEffect={1}
                x1="50"
                x2="700"
                y1="141.8918918918919"
                y2="141.8918918918919"
              />
              <RNSVGText
                content={null}
                dx={
                  [
                    "0",
                  ]
                }
                dy={[]}
                font={{}}
                name="chart-axis-0-tickLabels-2"
                rotate={[]}
                x={
                  [
                    "39",
                  ]
                }
                y={
                  [
                    "146.1518918918919",
                  ]
                }
              >
                <RNSVGTSpan
                  content="0.6"
                  dx={
                    [
                      "0",
                    ]
                  }
                  dy={
                    [
                      "0",
                    ]
                  }
                  fill={
                    {
                      "payload": 4278190080,
                      "type": 0,
                    }
                  }
                  font={
                    {
                      "fontFamily": "Gill Sans",
                      "fontSize": "12",
                      "letterSpacing": "normal",
                      "textAnchor": "end",
                    }
                  }
                  propList={
                    [
                      "fill",
                    ]
                  }
                  rotate={[]}
                  x={
                    [
                      "39",
                    ]
                  }
                  y={[]}
                />
              </RNSVGText>
            </RNSVGGroup>
            <RNSVGGroup>
              <RNSVGLine
                fill={null}
                propList={
                  [
                    "fill",
                    "stroke",
                  ]
                }
                stroke={
                  {
                    "payload": 4286611584,
                    "type": 0,
                  }
                }
                vectorEffect={1}
                x1="50"
                x2="700"
                y1="105.85585585585586"
                y2="105.85585585585586"
              />
              <RNSVGText
                content={null}
                dx={
                  [
                    "0",
                  ]
                }
                dy={[]}
                font={{}}
                name="chart-axis-0-tickLabels-3"
                rotate={[]}
                x={
                  [
                    "39",
                  ]
                }
                y={
                  [
                    "110.11585585585587",
                  ]
                }
              >
                <RNSVGTSpan
                  content="0.8"
                  dx={
                    [
                      "0",
                    ]
                  }
                  dy={
                    [
                      "0",
                    ]
                  }
                  fill={
                    {
                      "payload": 4278190080,
                      "type": 0,
                    }
                  }
                  font={
                    {
                      "fontFamily": "Gill Sans",
                      "fontSize": "12",
                      "letterSpacing": "normal",
                      "textAnchor": "end",
                    }
                  }
                  propList={
                    [
                      "fill",
                    ]
                  }
                  rotate={[]}
                  x={
                    [
                      "39",
                    ]
                  }
                  y={[]}
                />
              </RNSVGText>
            </RNSVGGroup>
            <RNSVGGroup>
              <RNSVGLine
                fill={null}
                propList={
                  [
                    "fill",
                    "stroke",
                  ]
                }
                stroke={
                  {
                    "payload": 4286611584,
                    "type": 0,
                  }
                }
                vectorEffect={1}
                x1="50"
                x2="700"
                y1="69.81981981981984"
                y2="69.81981981981984"
              />
              <RNSVGText
                content={null}
                dx={
                  [
                    "0",
                  ]
                }
                dy={[]}
                font={{}}
                name="chart-axis-0-tickLabels-4"
                rotate={[]}
                x={
                  [
                    "39",
                  ]
                }
                y={
                  [
                    "74.07981981981985",
                  ]
                }
              >
                <RNSVGTSpan
                  content="1.0"
                  dx={
                    [
                      "0",
                    ]
                  }
                  dy={
                    [
                      "0",
                    ]
                  }
                  fill={
                    {
                      "payload": 4278190080,
                      "type": 0,
                    }
                  }
                  font={
                    {
                      "fontFamily": "Gill Sans",
                      "fontSize": "12",
                      "letterSpacing": "normal",
                      "textAnchor": "end",
                    }
                  }
                  propList={
                    [
                      "fill",
                    ]
                  }
                  rotate={[]}
                  x={
                    [
                      "39",
                    ]
                  }
                  y={[]}
                />
              </RNSVGText>
            </RNSVGGroup>
          </RNSVGGroup>
          <RNSVGGroup>
            <RNSVGLine
              fill={
                {
                  "payload": 0,
                  "type": 0,
                }
              }
              propList={
                [
                  "fill",
                  "stroke",
                  "strokeWidth",
                  "strokeLinecap",
                  "strokeLinejoin",
                ]
              }
              stroke={
                {
                  "payload": 4286611584,
                  "type": 0,
                }
              }
              strokeLinecap={1}
              strokeLinejoin={1}
              strokeWidth="1"
              vectorEffect={1}
              x1="50"
              x2="700"
              y1="250"
              y2="250"
            />
            <RNSVGGroup>
              <RNSVGText
                content={null}
                dx={
                  [
                    "0",
                  ]
                }
                dy={[]}
                font={{}}
                name="chart-axis-1-tickLabels-0"
                rotate={[]}
                x={
                  [
                    "70",
                  ]
                }
                y={
                  [
                    "272.97",
                  ]
                }
              >
                <RNSVGTSpan
                  content="1"
                  dx={
                    [
                      "0",
                    ]
                  }
                  dy={
                    [
                      "0",
                    ]
                  }
                  fill={
                    {
                      "payload": 4278190080,
                      "type": 0,
                    }
                  }
                  font={
                    {
                      "fontFamily": "Gill Sans",
                      "fontSize": "14",
                      "letterSpacing": "normal",
                      "textAnchor": "middle",
                    }
                  }
                  propList={
                    [
                      "fill",
                    ]
                  }
                  rotate={[]}
                  x={
                    [
                      "70",
                    ]
                  }
                  y={[]}
                />
              </RNSVGText>
            </RNSVGGroup>
            <RNSVGGroup>
              <RNSVGText
                content={null}
                dx={
                  [
                    "0",
                  ]
                }
                dy={[]}
                font={{}}
                name="chart-axis-1-tickLabels-1"
                rotate={[]}
                x={
                  [
                    "222.5",
                  ]
                }
                y={
                  [
                    "272.97",
                  ]
                }
              >
                <RNSVGTSpan
                  content="2"
                  dx={
                    [
                      "0",
                    ]
                  }
                  dy={
                    [
                      "0",
                    ]
                  }
                  fill={
                    {
                      "payload": 4278190080,
                      "type": 0,
                    }
                  }
                  font={
                    {
                      "fontFamily": "Gill Sans",
                      "fontSize": "14",
                      "letterSpacing": "normal",
                      "textAnchor": "middle",
                    }
                  }
                  propList={
                    [
                      "fill",
                    ]
                  }
                  rotate={[]}
                  x={
                    [
                      "222.5",
                    ]
                  }
                  y={[]}
                />
              </RNSVGText>
            </RNSVGGroup>
            <RNSVGGroup>
              <RNSVGText
                content={null}
                dx={
                  [
                    "0",
                  ]
                }
                dy={[]}
                font={{}}
                name="chart-axis-1-tickLabels-2"
                rotate={[]}
                x={
                  [
                    "375",
                  ]
                }
                y={
                  [
                    "272.97",
                  ]
                }
              >
                <RNSVGTSpan
                  content="3"
                  dx={
                    [
                      "0",
                    ]
                  }
                  dy={
                    [
                      "0",
                    ]
                  }
                  fill={
                    {
                      "payload": 4278190080,
                      "type": 0,
                    }
                  }
                  font={
                    {
                      "fontFamily": "Gill Sans",
                      "fontSize": "14",
                      "letterSpacing": "normal",
                      "textAnchor": "middle",
                    }
                  }
                  propList={
                    [
                      "fill",
                    ]
                  }
                  rotate={[]}
                  x={
                    [
                      "375",
                    ]
                  }
                  y={[]}
                />
              </RNSVGText>
            </RNSVGGroup>
            <RNSVGGroup>
              <RNSVGText
                content={null}
                dx={
                  [
                    "0",
                  ]
                }
                dy={[]}
                font={{}}
                name="chart-axis-1-tickLabels-3"
                rotate={[]}
                x={
                  [
                    "527.4999999999999",
                  ]
                }
                y={
                  [
                    "272.97",
                  ]
                }
              >
                <RNSVGTSpan
                  content="4"
                  dx={
                    [
                      "0",
                    ]
                  }
                  dy={
                    [
                      "0",
                    ]
                  }
                  fill={
                    {
                      "payload": 4278190080,
                      "type": 0,
                    }
                  }
                  font={
                    {
                      "fontFamily": "Gill Sans",
                      "fontSize": "14",
                      "letterSpacing": "normal",
                      "textAnchor": "middle",
                    }
                  }
                  propList={
                    [
                      "fill",
                    ]
                  }
                  rotate={[]}
                  x={
                    [
                      "527.4999999999999",
                    ]
                  }
                  y={[]}
                />
              </RNSVGText>
            </RNSVGGroup>
            <RNSVGGroup>
              <RNSVGText
                content={null}
                dx={
                  [
                    "0",
                  ]
                }
                dy={[]}
                font={{}}
                name="chart-axis-1-tickLabels-4"
                rotate={[]}
                x={
                  [
                    "680",
                  ]
                }
                y={
                  [
                    "272.97",
                  ]
                }
              >
                <RNSVGTSpan
                  content="5"
                  dx={
                    [
                      "0",
                    ]
                  }
                  dy={
                    [
                      "0",
                    ]
                  }
                  fill={
                    {
                      "payload": 4278190080,
                      "type": 0,
                    }
                  }
                  font={
                    {
                      "fontFamily": "Gill Sans",
                      "fontSize": "14",
                      "letterSpacing": "normal",
                      "textAnchor": "middle",
                    }
                  }
                  propList={
                    [
                      "fill",
                    ]
                  }
                  rotate={[]}
                  x={
                    [
                      "680",
                    ]
                  }
                  y={[]}
                />
              </RNSVGText>
            </RNSVGGroup>
          </RNSVGGroup>
          <RNSVGGroup />
          <View
            pointerEvents="box-none"
            style={
              {
                "left": 0,
                "position": "absolute",
                "top": 0,
                "zIndex": 99,
              }
            }
          >
            <RNSVGSvgView
              align="xMidYMid"
              bbHeight="300"
              bbWidth="750"
              focusable={false}
              height={300}
              meetOrSlice={0}
              minX={0}
              minY={0}
              style={
                [
                  {
                    "backgroundColor": "transparent",
                    "borderWidth": 0,
                  },
                  {
                    "height": "100%",
                    "overflow": "visible",
                    "width": "100%",
                  },
                  {
                    "flex": 0,
                    "height": 300,
                    "width": 750,
                  },
                ]
              }
              vbHeight={300}
              vbWidth={750}
              width={750}
            >
              <RNSVGGroup />
            </RNSVGSvgView>
          </View>
        </RNSVGGroup>
      </RNSVGSvgView>
    </View>
  </View>
</RCTScrollView>
`;

exports[`<StackedChart /> test stacked bar chart with float values 1`] = `
<RCTScrollView
  contentContainerStyle={
    {
      "alignItems": "center",
      "backgroundColor": "white",
      "flexGrow": 1,
      "justifyContent": "center",
      "paddingBottom": 20,
    }
  }
  style={
    {
      "flex": 1,
    }
  }
>
  <View>
    <View
      className="VictoryContainer"
      onMoveShouldSetResponder={[Function]}
      onMoveShouldSetResponderCapture={[Function]}
      onResponderEnd={[Function]}
      onResponderGrant={[Function]}
      onResponderMove={[Function]}
      onResponderReject={[Function]}
      onResponderRelease={[Function]}
      onResponderStart={[Function]}
      onResponderTerminate={[Function]}
      onResponderTerminationRequest={[Function]}
      onStartShouldSetResponder={[Function]}
      onStartShouldSetResponderCapture={[Function]}
      pointerEvents="box-none"
      style={
        {
          "position": "relative",
        }
      }
    >
      <RNSVGSvgView
        align="xMidYMid"
        bbHeight="300"
        bbWidth="750"
        focusable={false}
        height={300}
        meetOrSlice={0}
        minX={0}
        minY={0}
        role="img"
        style={
          [
            {
              "backgroundColor": "transparent",
              "borderWidth": 0,
            },
            {
              "height": "100%",
              "width": "100%",
            },
            {
              "flex": 0,
              "height": 300,
              "width": 750,
            },
          ]
        }
        vbHeight={300}
        vbWidth={750}
        width={750}
      >
        <RNSVGGroup>
          <RNSVGRect
            fill={null}
            height="300"
            propList={
              [
                "fill",
              ]
            }
            width="750"
            x="0"
            y="0"
          />
          <RNSVGGroup>
            <RNSVGLine
              fill={
                {
                  "payload": 0,
                  "type": 0,
                }
              }
              propList={
                [
                  "fill",
                  "stroke",
                  "strokeWidth",
                  "strokeLinecap",
                  "strokeLinejoin",
                ]
              }
              stroke={
                {
                  "payload": 4286611584,
                  "type": 0,
                }
              }
              strokeLinecap={1}
              strokeLinejoin={1}
              strokeWidth="1"
              vectorEffect={1}
              x1="50"
              x2="50"
              y1="50"
              y2="250"
            />
            <RNSVGGroup>
              <RNSVGLine
                fill={null}
                propList={
                  [
                    "fill",
                    "stroke",
                  ]
                }
                stroke={
                  {
                    "payload": 4286611584,
                    "type": 0,
                  }
                }
                vectorEffect={1}
                x1="50"
                x2="700"
                y1="213.963963963964"
                y2="213.963963963964"
              />
              <RNSVGText
                content={null}
                dx={
                  [
                    "0",
                  ]
                }
                dy={[]}
                font={{}}
                name="chart-axis-0-tickLabels-0"
                rotate={[]}
                x={
                  [
                    "39",
                  ]
                }
                y={
                  [
                    "218.223963963964",
                  ]
                }
              >
                <RNSVGTSpan
                  content="0.2"
                  dx={
                    [
                      "0",
                    ]
                  }
                  dy={
                    [
                      "0",
                    ]
                  }
                  fill={
                    {
                      "payload": 4278190080,
                      "type": 0,
                    }
                  }
                  font={
                    {
                      "fontFamily": "Gill Sans",
                      "fontSize": "12",
                      "letterSpacing": "normal",
                      "textAnchor": "end",
                    }
                  }
                  propList={
                    [
                      "fill",
                    ]
                  }
                  rotate={[]}
                  x={
                    [
                      "39",
                    ]
                  }
                  y={[]}
                />
              </RNSVGText>
            </RNSVGGroup>
            <RNSVGGroup>
              <RNSVGLine
                fill={null}
                propList={
                  [
                    "fill",
                    "stroke",
                  ]
                }
                stroke={
                  {
                    "payload": 4286611584,
                    "type": 0,
                  }
                }
                vectorEffect={1}
                x1="50"
                x2="700"
                y1="177.92792792792793"
                y2="177.92792792792793"
              />
              <RNSVGText
                content={null}
                dx={
                  [
                    "0",
                  ]
                }
                dy={[]}
                font={{}}
                name="chart-axis-0-tickLabels-1"
                rotate={[]}
                x={
                  [
                    "39",
                  ]
                }
                y={
                  [
                    "182.18792792792792",
                  ]
                }
              >
                <RNSVGTSpan
                  content="0.4"
                  dx={
                    [
                      "0",
                    ]
                  }
                  dy={
                    [
                      "0",
                    ]
                  }
                  fill={
                    {
                      "payload": 4278190080,
                      "type": 0,
                    }
                  }
                  font={
                    {
                      "fontFamily": "Gill Sans",
                      "fontSize": "12",
                      "letterSpacing": "normal",
                      "textAnchor": "end",
                    }
                  }
                  propList={
                    [
                      "fill",
                    ]
                  }
                  rotate={[]}
                  x={
                    [
                      "39",
                    ]
                  }
                  y={[]}
                />
              </RNSVGText>
            </RNSVGGroup>
            <RNSVGGroup>
              <RNSVGLine
                fill={null}
                propList={
                  [
                    "fill",
                    "stroke",
                  ]
                }
                stroke={
                  {
                    "payload": 4286611584,
                    "type": 0,
                  }
                }
                vectorEffect={1}
                x1="50"
                x2="700"
                y1="141.8918918918919"
                y2="141.8918918918919"
              />
              <RNSVGText
                content={null}
                dx={
                  [
                    "0",
                  ]
                }
                dy={[]}
                font={{}}
                name="chart-axis-0-tickLabels-2"
                rotate={[]}
                x={
                  [
                    "39",
                  ]
                }
                y={
                  [
                    "146.1518918918919",
                  ]
                }
              >
                <RNSVGTSpan
                  content="0.6"
                  dx={
                    [
                      "0",
                    ]
                  }
                  dy={
                    [
                      "0",
                    ]
                  }
                  fill={
                    {
                      "payload": 4278190080,
                      "type": 0,
                    }
                  }
                  font={
                    {
                      "fontFamily": "Gill Sans",
                      "fontSize": "12",
                      "letterSpacing": "normal",
                      "textAnchor": "end",
                    }
                  }
                  propList={
                    [
                      "fill",
                    ]
                  }
                  rotate={[]}
                  x={
                    [
                      "39",
                    ]
                  }
                  y={[]}
                />
              </RNSVGText>
            </RNSVGGroup>
            <RNSVGGroup>
              <RNSVGLine
                fill={null}
                propList={
                  [
                    "fill",
                    "stroke",
                  ]
                }
                stroke={
                  {
                    "payload": 4286611584,
                    "type": 0,
                  }
                }
                vectorEffect={1}
                x1="50"
                x2="700"
                y1="105.85585585585586"
                y2="105.85585585585586"
              />
              <RNSVGText
                content={null}
                dx={
                  [
                    "0",
                  ]
                }
                dy={[]}
                font={{}}
                name="chart-axis-0-tickLabels-3"
                rotate={[]}
                x={
                  [
                    "39",
                  ]
                }
                y={
                  [
                    "110.11585585585587",
                  ]
                }
              >
                <RNSVGTSpan
                  content="0.8"
                  dx={
                    [
                      "0",
                    ]
                  }
                  dy={
                    [
                      "0",
                    ]
                  }
                  fill={
                    {
                      "payload": 4278190080,
                      "type": 0,
                    }
                  }
                  font={
                    {
                      "fontFamily": "Gill Sans",
                      "fontSize": "12",
                      "letterSpacing": "normal",
                      "textAnchor": "end",
                    }
                  }
                  propList={
                    [
                      "fill",
                    ]
                  }
                  rotate={[]}
                  x={
                    [
                      "39",
                    ]
                  }
                  y={[]}
                />
              </RNSVGText>
            </RNSVGGroup>
            <RNSVGGroup>
              <RNSVGLine
                fill={null}
                propList={
                  [
                    "fill",
                    "stroke",
                  ]
                }
                stroke={
                  {
                    "payload": 4286611584,
                    "type": 0,
                  }
                }
                vectorEffect={1}
                x1="50"
                x2="700"
                y1="69.81981981981984"
                y2="69.81981981981984"
              />
              <RNSVGText
                content={null}
                dx={
                  [
                    "0",
                  ]
                }
                dy={[]}
                font={{}}
                name="chart-axis-0-tickLabels-4"
                rotate={[]}
                x={
                  [
                    "39",
                  ]
                }
                y={
                  [
                    "74.07981981981985",
                  ]
                }
              >
                <RNSVGTSpan
                  content="1.0"
                  dx={
                    [
                      "0",
                    ]
                  }
                  dy={
                    [
                      "0",
                    ]
                  }
                  fill={
                    {
                      "payload": 4278190080,
                      "type": 0,
                    }
                  }
                  font={
                    {
                      "fontFamily": "Gill Sans",
                      "fontSize": "12",
                      "letterSpacing": "normal",
                      "textAnchor": "end",
                    }
                  }
                  propList={
                    [
                      "fill",
                    ]
                  }
                  rotate={[]}
                  x={
                    [
                      "39",
                    ]
                  }
                  y={[]}
                />
              </RNSVGText>
            </RNSVGGroup>
          </RNSVGGroup>
          <RNSVGGroup>
            <RNSVGLine
              fill={
                {
                  "payload": 0,
                  "type": 0,
                }
              }
              propList={
                [
                  "fill",
                  "stroke",
                  "strokeWidth",
                  "strokeLinecap",
                  "strokeLinejoin",
                ]
              }
              stroke={
                {
                  "payload": 4286611584,
                  "type": 0,
                }
              }
              strokeLinecap={1}
              strokeLinejoin={1}
              strokeWidth="1"
              vectorEffect={1}
              x1="50"
              x2="700"
              y1="250"
              y2="250"
            />
            <RNSVGGroup>
              <RNSVGText
                content={null}
                dx={
                  [
                    "0",
                  ]
                }
                dy={[]}
                font={{}}
                name="chart-axis-1-tickLabels-0"
                rotate={[]}
                x={
                  [
                    "70",
                  ]
                }
                y={
                  [
                    "272.97",
                  ]
                }
              >
                <RNSVGTSpan
                  content="1"
                  dx={
                    [
                      "0",
                    ]
                  }
                  dy={
                    [
                      "0",
                    ]
                  }
                  fill={
                    {
                      "payload": 4278190080,
                      "type": 0,
                    }
                  }
                  font={
                    {
                      "fontFamily": "Gill Sans",
                      "fontSize": "14",
                      "letterSpacing": "normal",
                      "textAnchor": "middle",
                    }
                  }
                  propList={
                    [
                      "fill",
                    ]
                  }
                  rotate={[]}
                  x={
                    [
                      "70",
                    ]
                  }
                  y={[]}
                />
              </RNSVGText>
            </RNSVGGroup>
            <RNSVGGroup>
              <RNSVGText
                content={null}
                dx={
                  [
                    "0",
                  ]
                }
                dy={[]}
                font={{}}
                name="chart-axis-1-tickLabels-1"
                rotate={[]}
                x={
                  [
                    "222.5",
                  ]
                }
                y={
                  [
                    "272.97",
                  ]
                }
              >
                <RNSVGTSpan
                  content="2"
                  dx={
                    [
                      "0",
                    ]
                  }
                  dy={
                    [
                      "0",
                    ]
                  }
                  fill={
                    {
                      "payload": 4278190080,
                      "type": 0,
                    }
                  }
                  font={
                    {
                      "fontFamily": "Gill Sans",
                      "fontSize": "14",
                      "letterSpacing": "normal",
                      "textAnchor": "middle",
                    }
                  }
                  propList={
                    [
                      "fill",
                    ]
                  }
                  rotate={[]}
                  x={
                    [
                      "222.5",
                    ]
                  }
                  y={[]}
                />
              </RNSVGText>
            </RNSVGGroup>
            <RNSVGGroup>
              <RNSVGText
                content={null}
                dx={
                  [
                    "0",
                  ]
                }
                dy={[]}
                font={{}}
                name="chart-axis-1-tickLabels-2"
                rotate={[]}
                x={
                  [
                    "375",
                  ]
                }
                y={
                  [
                    "272.97",
                  ]
                }
              >
                <RNSVGTSpan
                  content="3"
                  dx={
                    [
                      "0",
                    ]
                  }
                  dy={
                    [
                      "0",
                    ]
                  }
                  fill={
                    {
                      "payload": 4278190080,
                      "type": 0,
                    }
                  }
                  font={
                    {
                      "fontFamily": "Gill Sans",
                      "fontSize": "14",
                      "letterSpacing": "normal",
                      "textAnchor": "middle",
                    }
                  }
                  propList={
                    [
                      "fill",
                    ]
                  }
                  rotate={[]}
                  x={
                    [
                      "375",
                    ]
                  }
                  y={[]}
                />
              </RNSVGText>
            </RNSVGGroup>
            <RNSVGGroup>
              <RNSVGText
                content={null}
                dx={
                  [
                    "0",
                  ]
                }
                dy={[]}
                font={{}}
                name="chart-axis-1-tickLabels-3"
                rotate={[]}
                x={
                  [
                    "527.4999999999999",
                  ]
                }
                y={
                  [
                    "272.97",
                  ]
                }
              >
                <RNSVGTSpan
                  content="4"
                  dx={
                    [
                      "0",
                    ]
                  }
                  dy={
                    [
                      "0",
                    ]
                  }
                  fill={
                    {
                      "payload": 4278190080,
                      "type": 0,
                    }
                  }
                  font={
                    {
                      "fontFamily": "Gill Sans",
                      "fontSize": "14",
                      "letterSpacing": "normal",
                      "textAnchor": "middle",
                    }
                  }
                  propList={
                    [
                      "fill",
                    ]
                  }
                  rotate={[]}
                  x={
                    [
                      "527.4999999999999",
                    ]
                  }
                  y={[]}
                />
              </RNSVGText>
            </RNSVGGroup>
            <RNSVGGroup>
              <RNSVGText
                content={null}
                dx={
                  [
                    "0",
                  ]
                }
                dy={[]}
                font={{}}
                name="chart-axis-1-tickLabels-4"
                rotate={[]}
                x={
                  [
                    "680",
                  ]
                }
                y={
                  [
                    "272.97",
                  ]
                }
              >
                <RNSVGTSpan
                  content="5"
                  dx={
                    [
                      "0",
                    ]
                  }
                  dy={
                    [
                      "0",
                    ]
                  }
                  fill={
                    {
                      "payload": 4278190080,
                      "type": 0,
                    }
                  }
                  font={
                    {
                      "fontFamily": "Gill Sans",
                      "fontSize": "14",
                      "letterSpacing": "normal",
                      "textAnchor": "middle",
                    }
                  }
                  propList={
                    [
                      "fill",
                    ]
                  }
                  rotate={[]}
                  x={
                    [
                      "680",
                    ]
                  }
                  y={[]}
                />
              </RNSVGText>
            </RNSVGGroup>
          </RNSVGGroup>
          <RNSVGGroup />
          <View
            pointerEvents="box-none"
            style={
              {
                "left": 0,
                "position": "absolute",
                "top": 0,
                "zIndex": 99,
              }
            }
          >
            <RNSVGSvgView
              align="xMidYMid"
              bbHeight="300"
              bbWidth="750"
              focusable={false}
              height={300}
              meetOrSlice={0}
              minX={0}
              minY={0}
              style={
                [
                  {
                    "backgroundColor": "transparent",
                    "borderWidth": 0,
                  },
                  {
                    "height": "100%",
                    "overflow": "visible",
                    "width": "100%",
                  },
                  {
                    "flex": 0,
                    "height": 300,
                    "width": 750,
                  },
                ]
              }
              vbHeight={300}
              vbWidth={750}
              width={750}
            >
              <RNSVGGroup />
            </RNSVGSvgView>
          </View>
        </RNSVGGroup>
      </RNSVGSvgView>
    </View>
  </View>
</RCTScrollView>
`;
